// Jest Snapshot v1, https://goo.gl/fbAQLP

exports[`matches snapshot with no jobs 1`] = `
<DocumentFragment>
  <div
    class="container"
  >
    <div
      class="SearchForm mb-4"
    >
      <form
        class="form-inline"
      >
        <input
          class="form-control form-control-lg flex-grow-1"
          name="searchTerm"
          placeholder="Enter search term.."
          value=""
        />
        <button
          class="btn btn-lg btn-primary m-2"
          type="submit"
        >
          Submit
        </button>
      </form>
    </div>
    <div
      class="row"
    >
      <p
        class="alert alert-info"
      >
        Sorry, no results were found!
      </p>
    </div>
  </div>
</DocumentFragment>
`;
