// Jest Snapshot v1, https://goo.gl/fbAQLP

exports[`matches snapshot 1`] = `
<DocumentFragment>
  <div
    class="SignupForm"
  >
    <div
      class="container col-md-6 offset-md-3 col-lg-4 offset-lg-4"
    >
      <h2
        class="mb-3"
      >
        Sign Up
      </h2>
      <div
        class="card"
      >
        <div
          class="card-body"
        >
          <form>
            <div
              class="form-group m-2"
            >
              <label>
                Username
              </label>
              <input
                class="form-control"
                name="username"
                value=""
              />
            </div>
            <div
              class="form-group m-2"
            >
              <label>
                Password
              </label>
              <input
                class="form-control"
                name="password"
                type="password"
                value=""
              />
            </div>
            <div
              class="form-group m-2"
            >
              <label>
                First name
              </label>
              <input
                class="form-control"
                name="firstName"
                value=""
              />
            </div>
            <div
              class="form-group m-2"
            >
              <label>
                Last name
              </label>
              <input
                class="form-control"
                name="lastName"
                value=""
              />
            </div>
            <div
              class="form-group m-2"
            >
              <label>
                Email
              </label>
              <input
                class="form-control"
                name="email"
                type="email"
                value=""
              />
            </div>
            <button
              class="btn btn-primary float-right"
              type="submit"
            >
              Submit
            </button>
          </form>
        </div>
      </div>
    </div>
  </div>
</DocumentFragment>
`;
